Link para download do Git Bash: https://git-scm.com/downloads
O Git Bash é um terminal estendido para otimizar o uso do Git.

Aqui usa o comando para mandar o seu codigo para o Git 

Vinicius@DESKTOP-5A79FRS MINGW64 ~/Desktop/Git/dio-desafio-github-primeiro-repositorio (main)
$ git status - aqui um comando 
On branch main
Your branch is up to date with 'origin/main'.

Untracked files:
  (use "git add <file>..." to include in what will be committed)
        "Introdu\303\247\303\243o ao Git e ao GitHub/"

nothing added to commit but untracked files present (use "git add" to track)

Vinicius@DESKTOP-5A79FRS MINGW64 ~/Desktop/Git/dio-desafio-github-primeiro-repositorio (main)
$ git add . (-aqui para add todos os arquivos 

Vinicius@DESKTOP-5A79FRS MINGW64 ~/Desktop/Git/dio-desafio-github-primeiro-repositorio (main)
$ git status (para ver o status do arquivo)
On branch main
Your branch is up to date with 'origin/main'.

Changes to be committed:
  (use "git restore --staged <file>..." to unstage)
        new file:   "Introdu\303\247\303\243o ao Git e ao GitHub/Anota\303\247\303\265es.txt.txt"


Vinicius@DESKTOP-5A79FRS MINGW64 ~/Desktop/Git/dio-desafio-github-primeiro-repositorio (main)
$ git commit -m "Inclusão das anotações do curso de Git/Github" (Para criar um comit para enviar na nuvem)
[main 50e27b5] Inclusão das anotações do curso de Git/Github
 1 file changed, 3 insertions(+)
 create mode 100644 "Introdu\303\247\303\243o ao Git e ao GitHub/Anota\303\247\303\265es.txt.txt"

Vinicius@DESKTOP-5A79FRS MINGW64 ~/Desktop/Git/dio-desafio-github-primeiro-repositorio (main)
$ git status
On branch main
Your branch is ahead of 'origin/main' by 1 commit.
  (use "git push" to publish your local commits)

nothing to commit, working tree clean

Vinicius@DESKTOP-5A79FRS MINGW64 ~/Desktop/Git/dio-desafio-github-primeiro-repositorio (main)
$ git push origin main    (Comando usado para mandar todos comit para nuvem)
Enumerating objects: 5, done.
Counting objects: 100% (5/5), done.
Delta compression using up to 6 threads
Compressing objects: 100% (3/3), done.
Writing objects: 100% (4/4), 492 bytes | 492.00 KiB/s, done.
Total 4 (delta 0), reused 0 (delta 0), pack-reused 0
To https://github.com/ViniciusMacena/dio-desafio-github-primeiro-repositorio.git
   e7665b9..50e27b5  main -> main


